Testing with parameters: n_workers=1, n_steps=1002
Running workers ... 
Done
Joining workers ... 
Done
Validating results ... 
[> 0]
Done
OK
