Testing with parameters: n_workers=2, n_steps=1001
Running workers ... 
Done
Joining workers ... 
Done
Validating results ... 
[1> 0]
Done
OK
