Testing with parameters: n_workers=3, n_steps=1000
Running workers ... 
Done
Joining workers ... 
Done
Validating results ... 
[2> 0, 1]
Done
OK
