Testing with parameters: n_workers=3, n_steps=1001
Running workers ... 
Done
Joining workers ... 
Done
Validating results ... 
[1, 2> 0]
Done
OK
