Testing with parameters: n_workers=3, n_steps=1002
Running workers ... 
Done
Joining workers ... 
Done
Validating results ... 
[> 0, 1, 2]
Done
OK
