Testing with parameters: n_workers=4, n_steps=1001
Running workers ... 
Done
Joining workers ... 
Done
Validating results ... 
[3> 0, 1, 2]
Done
OK
