Testing with parameters: n_workers=4, n_steps=1002
Running workers ... 
Done
Joining workers ... 
Done
Validating results ... 
[2, 3> 0, 1]
Done
OK
