Testing with parameters: n_workers=4, n_steps=1003
Running workers ... 
Done
Joining workers ... 
Done
Validating results ... 
[1, 2, 3> 0]
Done
OK
