Testing with parameters: n_workers=5, n_steps=1001
Running workers ... 
Done
Joining workers ... 
Done
Validating results ... 
[4> 0, 1, 2, 3]
Done
OK
