Testing with parameters: n_workers=5, n_steps=1002
Running workers ... 
Done
Joining workers ... 
Done
Validating results ... 
[3, 4> 0, 1, 2]
Done
OK
