Testing with parameters: n_workers=5, n_steps=1003
Running workers ... 
Done
Joining workers ... 
Done
Validating results ... 
[2, 3, 4> 0, 1]
Done
OK
