Testing with parameters: n_workers=5, n_steps=1004
Running workers ... 
Done
Joining workers ... 
Done
Validating results ... 
[1, 2, 3, 4> 0]
Done
OK
