Testing with parameters: n_workers=6, n_steps=1000
Running workers ... 
Done
Joining workers ... 
Done
Validating results ... 
[2, 3, 4, 5> 0, 1]
Done
OK
