Testing with parameters: n_workers=6, n_steps=1001
Running workers ... 
Done
Joining workers ... 
Done
Validating results ... 
[1, 2, 3, 4, 5> 0]
Done
OK
