Testing with parameters: n_workers=7, n_steps=1000
Running workers ... 
Done
Joining workers ... 
Done
Validating results ... 
[1, 2, 3, 4, 5, 6> 0]
Done
OK
