Testing with parameters: n_workers=7, n_steps=1003
Running workers ... 
Done
Joining workers ... 
Done
Validating results ... 
[5, 6> 0, 1, 2, 3, 4]
Done
OK
