Testing with parameters: n_workers=7, n_steps=1004
Running workers ... 
Done
Joining workers ... 
Done
Validating results ... 
[4, 5, 6> 0, 1, 2, 3]
Done
OK
